// Jest Snapshot v1, https://goo.gl/fbAQLP

exports[`StatCounter component should render the stat counter 1`] = `
.c0 {
  display: inline-grid;
  grid-template-rows: auto auto;
  grid-template-areas: 'counter' 'desc';
  -webkit-align-items: center;
  -webkit-box-align: center;
  -ms-flex-align: center;
  align-items: center;
}

.c1 {
  font-size: 3.5vw;
  grid-area: counter;
}

.c2 {
  grid-area: desc;
  font-size: 2.5vh;
}

@media (max-width:64em) {
  .c0 {
    max-width: 100%;
  }
}

@media (max-width:26.5625em) {
  .c0 {
    padding: 5%;
    justify-items: center;
    text-align: center;
  }
}

@media (max-width:64em) {
  .c1 {
    font-size: 4em;
  }
}

@media (max-width:26.5625em) {
  .c1 {
    font-size: 2em;
  }
}

@media (max-width:64em) {
  .c2 {
    font-size: 1.5em;
  }
}

@media (max-width:26.5625em) {
  .c2 {
    font-size: 1em;
  }
}

<StatCounter
  countStart={0}
  useEasing={true}
>
  <styled.span>
    <span
      className="c0"
    >
      <styled.span>
        <span
          className="c1"
        >
          <CountUp
            decimal="."
            decimals={0}
            duration={250}
            easingFn={null}
            end={100}
            formattingFn={null}
            prefix=""
            redraw={false}
            separator=""
            start={0}
            suffix=""
            useEasing={true}
          >
            <span>
              0
            </span>
          </CountUp>
        </span>
      </styled.span>
      <styled.span>
        <span
          className="c2"
        >
          "Tests Created"
        </span>
      </styled.span>
    </span>
  </styled.span>
</StatCounter>
`;
